Vercel CLI 50.1.3
Retrieving project…
Deploying callum-3886s-projects/socialsculp
Inspect: https://vercel.com/callum-3886s-projects/socialsculp/8osEeNDDitcEZwL5DubaB8sVwpWo [1s]
Production: https://socialsculp-gbsgshev3-callum-3886s-projects.vercel.app [1s]
https://socialsculp-gbsgshev3-callum-3886s-projects.vercel.appBuilding...
Building...
Building: Running build in Portland, USA (West) – pdx1
Building: Build machine configuration: 2 cores, 8 GB
Building: Retrieving list of deployment files...
Building: Previous build caches not available.
Building: Downloading 112 deployment files...
Building: Running "vercel build"
Building: Vercel CLI 50.32.4
Building: Installing dependencies...
Building: npm warn deprecated node-domexception@1.0.0: Use your platform's native DOMException instead
Building: added 561 packages in 19s
Building: 139 packages are looking for funding
Building: run `npm fund` for details
Building: Detected Next.js version: 16.1.6
Building: Running "npm run build"
Building: > socialsculp-dashboard@0.1.0 build
Building: > prisma generate && next build
Building: Loaded Prisma config from prisma.config.ts.
Building: Prisma schema loaded from prisma/schema.prisma.
Building: ✔ Generated Prisma Client (v7.5.0) to ./node_modules/@prisma/client in 302ms
Building: Start by importing your Prisma Client (See: https://pris.ly/d/importing-client)
Building: Attention: Next.js now collects completely anonymous telemetry regarding usage.
Building: This information is used to shape Next.js' roadmap and prioritize features.
Building: You can learn more, including how to opt-out if you'd not like to participate in this anonymous program, by visiting the following URL:
Building: https://nextjs.org/telemetry
Building: ▲ Next.js 16.1.6 (Turbopack)
Building: Creating an optimized production build ...
Building: ✓ Compiled successfully in 21.3s
Building: Running TypeScript ...
Building: Collecting page data using 1 worker ...
Building: Generating static pages using 1 worker (0/29) ...
Building: (node:458) Warning: SECURITY WARNING: The SSL modes 'prefer', 'require', and 'verify-ca' are treated as aliases for 'verify-full'.
Building: In the next major version (pg-connection-string v3.0.0 and pg v9.0.0), these modes will adopt standard libpq semantics, which have weaker security guarantees.
Building: To prepare for this change:
Building: - If you want the current behavior, explicitly use 'sslmode=verify-full'
Building: - If you want libpq compatibility now, use 'uselibpqcompat=true&sslmode=require'
Building: See https://www.postgresql.org/docs/current/libpq-ssl.html for libpq SSL mode definitions.
Building: (Use `node --trace-warnings ...` to show where the warning was created)
Building: Generating static pages using 1 worker (7/29)
Building: Generating static pages using 1 worker (14/29)
Building: Generating static pages using 1 worker (21/29)
Building: ✓ Generating static pages using 1 worker (29/29) in 3.0s
Building: Finalizing page optimization ...
Building: Route (app)
Building: ┌ ƒ /
Building: ├ ○ /_not-found
Building: ├ ƒ /admin
Building: ├ ƒ /admin/analytics
Building: ├ ƒ /admin/brands
Building: ├ ƒ /admin/campaigns
Building: ├ ƒ /admin/campaigns/[id]
Building: ├ ƒ /admin/campaigns/new
Building: ├ ƒ /admin/creators
Building: ├ ƒ /admin/creators/[id]
Building: ├ ƒ /admin/crm
Building: ├ ƒ /admin/deals
Building: ├ ƒ /agent
Building: ├ ƒ /agent/crm
Building: ├ ƒ /api/brands
Building: ├ ƒ /api/campaigns
Building: ├ ƒ /api/campaigns/[id]
Building: ├ ƒ /api/creators
Building: ├ ƒ /api/crm/leads
Building: ├ ƒ /api/crm/sales-deals
Building: ├ ƒ /api/deals
Building: ├ ƒ /api/deals/[id]
Building: ├ ƒ /api/debug/auth
Building: ├ ƒ /api/debug/set-admin
Building: ├ ƒ /api/webhooks/clerk
Building: ├ ƒ /brand
Building: ├ ƒ /brand/campaigns
Building: ├ ƒ /brand/campaigns/[id]
Building: ├ ƒ /brand/reports
Building: ├ ƒ /creator
Building: ├ ƒ /creator/analytics
Building: ├ ƒ /creator/campaigns
Building: ├ ƒ /creator/deals
Building: ├ ƒ /sign-in/[[...sign-in]]
Building: └ ƒ /sign-up/[[...sign-up]]
Building: ○  (Static)   prerendered as static content
Building: ƒ  (Dynamic)  server-rendered on demand
Building: Traced Next.js server files in: 31.697ms
Building: Created all serverless functions in: 339.491ms
Building: Collected static files (public/, static/, .next/static): 8.987ms
Building: Build Completed in /vercel/output [57s]
Building: Deploying outputs...
Building: Deployment completed
Building: Creating build cache...
[2K[1A[2K[GProduction: https://socialsculp-gbsgshev3-callum-3886s-projects.vercel.app [1m]
Completing...
Aliased: https://www.socialsculp.io [1m]

Common next commands:
- `vercel inspect socialsculp-gbsgshev3-callum-3886s-projects.vercel.app --logs`
- `vercel redeploy socialsculp-gbsgshev3-callum-3886s-projects.vercel.app`
npm notice
npm notice New minor version of npm available! 11.6.2 -> 11.11.1
npm notice Changelog: https://github.com/npm/cli/releases/tag/v11.11.1
npm notice To update run: npm install -g npm@11.11.1
npm notice
